Archive member included to satisfy reference by file (symbol)

/usr/lib/gcc/arm-none-eabi/16.1.0/thumb/v6-m/nofp/libgcc.a(_udivsi3.o)
                              CMakeFiles/quartz-k552x.dir/src/system_SN32F240B.c.obj (__aeabi_uidiv)
/usr/lib/gcc/arm-none-eabi/16.1.0/thumb/v6-m/nofp/libgcc.a(_dvmd_tls.o)
                              /usr/lib/gcc/arm-none-eabi/16.1.0/thumb/v6-m/nofp/libgcc.a(_udivsi3.o) (__aeabi_idiv0)

Merging object attributes


Discarded input sections

 .text          0x00000000        0x0 CMakeFiles/quartz-k552x.dir/mcu/startup.S.obj
 .data          0x00000000        0x0 CMakeFiles/quartz-k552x.dir/mcu/startup.S.obj
 .bss           0x00000000        0x0 CMakeFiles/quartz-k552x.dir/mcu/startup.S.obj
 .text          0x00000000        0x0 CMakeFiles/quartz-k552x.dir/src/system_SN32F240B.c.obj
 .data          0x00000000        0x0 CMakeFiles/quartz-k552x.dir/src/system_SN32F240B.c.obj
 .bss           0x00000000        0x0 CMakeFiles/quartz-k552x.dir/src/system_SN32F240B.c.obj
 .text.SystemCoreClockUpdate
                0x00000000       0x90 CMakeFiles/quartz-k552x.dir/src/system_SN32F240B.c.obj
 .rodata.CSWTCH.4
                0x00000000       0x20 CMakeFiles/quartz-k552x.dir/src/system_SN32F240B.c.obj
 .bss.SystemCoreClock
                0x00000000        0x4 CMakeFiles/quartz-k552x.dir/src/system_SN32F240B.c.obj
 .comment       0x00000000       0x1f CMakeFiles/quartz-k552x.dir/src/system_SN32F240B.c.obj
 .text          0x00000000        0x0 CMakeFiles/quartz-k552x.dir/src/main.cpp.obj
 .data          0x00000000        0x0 CMakeFiles/quartz-k552x.dir/src/main.cpp.obj
 .bss           0x00000000        0x0 CMakeFiles/quartz-k552x.dir/src/main.cpp.obj
 .comment       0x00000000       0x1f CMakeFiles/quartz-k552x.dir/src/main.cpp.obj
 .text          0x00000000        0x0 CMakeFiles/quartz-k552x.dir/src/gpio.c.obj
 .data          0x00000000        0x0 CMakeFiles/quartz-k552x.dir/src/gpio.c.obj
 .bss           0x00000000        0x0 CMakeFiles/quartz-k552x.dir/src/gpio.c.obj
 .text.gpio_mode_multiple
                0x00000000       0x48 CMakeFiles/quartz-k552x.dir/src/gpio.c.obj
 .text.gpio_set
                0x00000000       0x48 CMakeFiles/quartz-k552x.dir/src/gpio.c.obj
 .text.gpio_clear
                0x00000000       0x48 CMakeFiles/quartz-k552x.dir/src/gpio.c.obj
 .text.gpio_read
                0x00000000       0x54 CMakeFiles/quartz-k552x.dir/src/gpio.c.obj
 .text.gpio_toggle
                0x00000000       0x60 CMakeFiles/quartz-k552x.dir/src/gpio.c.obj
 .comment       0x00000000       0x1f CMakeFiles/quartz-k552x.dir/src/gpio.c.obj
 .text          0x00000000        0x0 CMakeFiles/quartz-k552x.dir/src/usb/usb.c.obj
 .data          0x00000000        0x0 CMakeFiles/quartz-k552x.dir/src/usb/usb.c.obj
 .bss           0x00000000        0x0 CMakeFiles/quartz-k552x.dir/src/usb/usb.c.obj
 .text.usb_init
                0x00000000       0x78 CMakeFiles/quartz-k552x.dir/src/usb/usb.c.obj
 .text.usb_connect
                0x00000000       0x14 CMakeFiles/quartz-k552x.dir/src/usb/usb.c.obj
 .text.usb_ep_stall
                0x00000000       0x24 CMakeFiles/quartz-k552x.dir/src/usb/usb.c.obj
 .text.usb_disable_endpoint
                0x00000000       0x14 CMakeFiles/quartz-k552x.dir/src/usb/usb.c.obj
 .text.usb_enable_endpoint
                0x00000000       0x18 CMakeFiles/quartz-k552x.dir/src/usb/usb.c.obj
 .text.usb_bus_reset
                0x00000000       0x2c CMakeFiles/quartz-k552x.dir/src/usb/usb.c.obj
 .text.usb_sram_read32
                0x00000000       0x1c CMakeFiles/quartz-k552x.dir/src/usb/usb.c.obj
 .text.usb_ep_arm_in
                0x00000000       0x18 CMakeFiles/quartz-k552x.dir/src/usb/usb.c.obj
 .text.usb_handle_class_request
                0x00000000        0x4 CMakeFiles/quartz-k552x.dir/src/usb/usb.c.obj
 .comment       0x00000000       0x1f CMakeFiles/quartz-k552x.dir/src/usb/usb.c.obj
 .text          0x00000000        0x0 CMakeFiles/quartz-k552x.dir/src/matrix.c.obj
 .data          0x00000000        0x0 CMakeFiles/quartz-k552x.dir/src/matrix.c.obj
 .bss           0x00000000        0x0 CMakeFiles/quartz-k552x.dir/src/matrix.c.obj
 .text.init_rgb_and_scan
                0x00000000        0x4 CMakeFiles/quartz-k552x.dir/src/matrix.c.obj
 .comment       0x00000000       0x1f CMakeFiles/quartz-k552x.dir/src/matrix.c.obj
 .ARM.attributes
                0x00000000       0x2c CMakeFiles/quartz-k552x.dir/src/matrix.c.obj
 .text          0x00000000        0x0 CMakeFiles/quartz-k552x.dir/src/timer.c.obj
 .data          0x00000000        0x0 CMakeFiles/quartz-k552x.dir/src/timer.c.obj
 .bss           0x00000000        0x0 CMakeFiles/quartz-k552x.dir/src/timer.c.obj
 .comment       0x00000000       0x1f CMakeFiles/quartz-k552x.dir/src/timer.c.obj
 .text          0x00000000        0x0 CMakeFiles/quartz-k552x.dir/src/system.c.obj
 .data          0x00000000        0x0 CMakeFiles/quartz-k552x.dir/src/system.c.obj
 .bss           0x00000000        0x0 CMakeFiles/quartz-k552x.dir/src/system.c.obj
 .comment       0x00000000       0x1f CMakeFiles/quartz-k552x.dir/src/system.c.obj
 .text          0x00000000        0x0 CMakeFiles/quartz-k552x.dir/src/runtime.cpp.obj
 .data          0x00000000        0x0 CMakeFiles/quartz-k552x.dir/src/runtime.cpp.obj
 .bss           0x00000000        0x0 CMakeFiles/quartz-k552x.dir/src/runtime.cpp.obj
 .comment       0x00000000       0x1f CMakeFiles/quartz-k552x.dir/src/runtime.cpp.obj
 .text          0x00000000       0x8c /usr/lib/gcc/arm-none-eabi/16.1.0/thumb/v6-m/nofp/libgcc.a(_udivsi3.o)
 .data          0x00000000        0x0 /usr/lib/gcc/arm-none-eabi/16.1.0/thumb/v6-m/nofp/libgcc.a(_udivsi3.o)
 .bss           0x00000000        0x0 /usr/lib/gcc/arm-none-eabi/16.1.0/thumb/v6-m/nofp/libgcc.a(_udivsi3.o)
 .debug_frame   0x00000000       0x20 /usr/lib/gcc/arm-none-eabi/16.1.0/thumb/v6-m/nofp/libgcc.a(_udivsi3.o)
 .debug_line    0x00000000       0x61 /usr/lib/gcc/arm-none-eabi/16.1.0/thumb/v6-m/nofp/libgcc.a(_udivsi3.o)
 .debug_line_str
                0x00000000       0x92 /usr/lib/gcc/arm-none-eabi/16.1.0/thumb/v6-m/nofp/libgcc.a(_udivsi3.o)
 .debug_info    0x00000000       0x3d /usr/lib/gcc/arm-none-eabi/16.1.0/thumb/v6-m/nofp/libgcc.a(_udivsi3.o)
 .debug_abbrev  0x00000000       0x28 /usr/lib/gcc/arm-none-eabi/16.1.0/thumb/v6-m/nofp/libgcc.a(_udivsi3.o)
 .debug_aranges
                0x00000000       0x20 /usr/lib/gcc/arm-none-eabi/16.1.0/thumb/v6-m/nofp/libgcc.a(_udivsi3.o)
 .debug_str     0x00000000       0xb9 /usr/lib/gcc/arm-none-eabi/16.1.0/thumb/v6-m/nofp/libgcc.a(_udivsi3.o)
 .ARM.attributes
                0x00000000       0x1e /usr/lib/gcc/arm-none-eabi/16.1.0/thumb/v6-m/nofp/libgcc.a(_udivsi3.o)
 .text          0x00000000        0x4 /usr/lib/gcc/arm-none-eabi/16.1.0/thumb/v6-m/nofp/libgcc.a(_dvmd_tls.o)
 .data          0x00000000        0x0 /usr/lib/gcc/arm-none-eabi/16.1.0/thumb/v6-m/nofp/libgcc.a(_dvmd_tls.o)
 .bss           0x00000000        0x0 /usr/lib/gcc/arm-none-eabi/16.1.0/thumb/v6-m/nofp/libgcc.a(_dvmd_tls.o)
 .debug_line    0x00000000       0x4a /usr/lib/gcc/arm-none-eabi/16.1.0/thumb/v6-m/nofp/libgcc.a(_dvmd_tls.o)
 .debug_line_str
                0x00000000       0x92 /usr/lib/gcc/arm-none-eabi/16.1.0/thumb/v6-m/nofp/libgcc.a(_dvmd_tls.o)
 .debug_info    0x00000000       0x3c /usr/lib/gcc/arm-none-eabi/16.1.0/thumb/v6-m/nofp/libgcc.a(_dvmd_tls.o)
 .debug_abbrev  0x00000000       0x26 /usr/lib/gcc/arm-none-eabi/16.1.0/thumb/v6-m/nofp/libgcc.a(_dvmd_tls.o)
 .debug_aranges
                0x00000000       0x20 /usr/lib/gcc/arm-none-eabi/16.1.0/thumb/v6-m/nofp/libgcc.a(_dvmd_tls.o)
 .debug_str     0x00000000       0xba /usr/lib/gcc/arm-none-eabi/16.1.0/thumb/v6-m/nofp/libgcc.a(_dvmd_tls.o)
 .ARM.attributes
                0x00000000       0x1e /usr/lib/gcc/arm-none-eabi/16.1.0/thumb/v6-m/nofp/libgcc.a(_dvmd_tls.o)

Memory Configuration

Name             Origin             Length             Attributes
FLASH            0x00000000         0x00010000         xr
RAM              0x20000000         0x00002000         xrw
*default*        0x00000000         0xffffffff

Linker script and memory map

LOAD CMakeFiles/quartz-k552x.dir/mcu/startup.S.obj
LOAD CMakeFiles/quartz-k552x.dir/src/system_SN32F240B.c.obj
LOAD CMakeFiles/quartz-k552x.dir/src/main.cpp.obj
LOAD CMakeFiles/quartz-k552x.dir/src/gpio.c.obj
LOAD CMakeFiles/quartz-k552x.dir/src/usb/usb.c.obj
LOAD CMakeFiles/quartz-k552x.dir/src/matrix.c.obj
LOAD CMakeFiles/quartz-k552x.dir/src/timer.c.obj
LOAD CMakeFiles/quartz-k552x.dir/src/system.c.obj
LOAD CMakeFiles/quartz-k552x.dir/src/runtime.cpp.obj
LOAD /usr/lib/gcc/arm-none-eabi/16.1.0/thumb/v6-m/nofp/libgcc.a
                0x20002000                        __initial_sp = (ORIGIN (RAM) + LENGTH (RAM))

.vectors        0x00000000       0xc0
                0x00000000                        . = ALIGN (0x4)
 *(.vectors)
 .vectors       0x00000000       0xc0 CMakeFiles/quartz-k552x.dir/mcu/startup.S.obj
                0x00000000                __Vectors
                0x000000c0                __Vectors_End
 *(.isr_vector)
                0x000000c0                        . = ALIGN (0x4)

.text           0x000000c0      0x444
                0x000000c0                        . = ALIGN (0x4)
 *(.text)
 *(.text.*)
 .text.Reset_Handler
                0x000000c0        0x8 CMakeFiles/quartz-k552x.dir/mcu/startup.S.obj
                0x000000c0                Reset_Handler
 .text.Runtime_Entry
                0x000000c8       0x48 CMakeFiles/quartz-k552x.dir/mcu/startup.S.obj
                0x000000c8                Runtime_Entry
 .text.Default_Handler
                0x00000110        0x4 CMakeFiles/quartz-k552x.dir/mcu/startup.S.obj
                0x00000110                LVD_IRQHandler
                0x00000110                I2C0_IRQHandler
                0x00000110                HardFault_Handler
                0x00000110                NDT_IRQHandler
                0x00000110                PendSV_Handler
                0x00000110                NMI_Handler
                0x00000110                UART1_IRQHandler
                0x00000110                CT16B0_IRQHandler
                0x00000110                UART0_IRQHandler
                0x00000110                CT16B1_IRQHandler
                0x00000110                UART2_IRQHandler
                0x00000110                Default_Handler
                0x00000110                ADC_IRQHandler
                0x00000110                P0_IRQHandler
                0x00000110                WDT_IRQHandler
                0x00000110                SVC_Handler
                0x00000110                P3_IRQHandler
                0x00000110                SPI0_IRQHandler
                0x00000110                P2_IRQHandler
                0x00000110                P1_IRQHandler
 .text.SystemInit
                0x00000114       0x40 CMakeFiles/quartz-k552x.dir/src/system_SN32F240B.c.obj
                0x00000114                SystemInit
 .text.startup.main
                0x00000154       0x44 CMakeFiles/quartz-k552x.dir/src/main.cpp.obj
                0x00000154                main
 .text.gpio_mode
                0x00000198       0x40 CMakeFiles/quartz-k552x.dir/src/gpio.c.obj
                0x00000198                gpio_mode
 .text.gpio_value
                0x000001d8       0x80 CMakeFiles/quartz-k552x.dir/src/gpio.c.obj
                0x000001d8                gpio_value
 .text.usb_sram_write.constprop.0
                0x00000258       0x90 CMakeFiles/quartz-k552x.dir/src/usb/usb.c.obj
 .text.usb_handle_standard_request
                0x000002e8       0x84 CMakeFiles/quartz-k552x.dir/src/usb/usb.c.obj
                0x000002e8                usb_handle_standard_request
 .text.usb_ep0_handle_setup
                0x0000036c       0x94 CMakeFiles/quartz-k552x.dir/src/usb/usb.c.obj
                0x0000036c                usb_ep0_handle_setup
 .text.USB_IRQHandler
                0x00000400       0x4c CMakeFiles/quartz-k552x.dir/src/usb/usb.c.obj
                0x00000400                USB_IRQHandler
 .text.SysTick_Handler
                0x0000044c       0x10 CMakeFiles/quartz-k552x.dir/src/timer.c.obj
                0x0000044c                SysTick_Handler
 .text.wait     0x0000045c       0x1c CMakeFiles/quartz-k552x.dir/src/timer.c.obj
                0x0000045c                wait
 .text.timer_init
                0x00000478       0x1c CMakeFiles/quartz-k552x.dir/src/timer.c.obj
                0x00000478                timer_init
 .text.reboot_to_bootloader
                0x00000494       0x14 CMakeFiles/quartz-k552x.dir/src/system.c.obj
                0x00000494                reboot_to_bootloader
 .text.__libc_init_array
                0x000004a8       0x34 CMakeFiles/quartz-k552x.dir/src/runtime.cpp.obj
                0x000004a8                __libc_init_array
 *(.rodata)
 *(.rodata.*)
 .rodata.usb_configuration_descriptor
                0x000004dc       0x12 CMakeFiles/quartz-k552x.dir/src/usb/usb.c.obj
 *fill*         0x000004ee        0x2 
 .rodata.usb_device_descriptor
                0x000004f0       0x12 CMakeFiles/quartz-k552x.dir/src/usb/usb.c.obj
 *(.glue_7)
 .glue_7        0x00000502        0x0 linker stubs
 *(.glue_7t)
 .glue_7t       0x00000502        0x0 linker stubs
                0x00000504                        . = ALIGN (0x4)
 *fill*         0x00000502        0x2 

.vfp11_veneer   0x00000504        0x0
 .vfp11_veneer  0x00000504        0x0 linker stubs

.v4_bx          0x00000504        0x0
 .v4_bx         0x00000504        0x0 linker stubs

.iplt           0x00000504        0x0
 .iplt          0x00000504        0x0 CMakeFiles/quartz-k552x.dir/mcu/startup.S.obj

.ARM.extab      0x00000504        0x0
                0x00000504                        . = ALIGN (0x4)
 *(.ARM.extab*)
                0x00000504                        . = ALIGN (0x4)

.ARM.exidx      0x00000504        0x0
                0x00000504                        . = ALIGN (0x4)
                0x00000504                        __exidx_start = .
 *(.ARM.exidx*)
                0x00000504                        __exidx_end = .
                0x00000504                        . = ALIGN (0x4)

.preinit_array  0x00000504        0x0
                0x00000504                        . = ALIGN (0x4)
                0x00000504                        __preinit_array_start = .
 *(.preinit_array)
 *(.preinit_array.*)
                0x00000504                        __preinit_array_end = .
                0x00000504                        . = ALIGN (0x4)

.init_array     0x00000504        0x0
                0x00000504                        . = ALIGN (0x4)
                0x00000504                        __init_array_start = .
 *(SORT_BY_INIT_PRIORITY(.init_array.*))
 *(.init_array)
                0x00000504                        __init_array_end = .
                0x00000504                        . = ALIGN (0x4)
                0x00000504                        _data_load = ALIGN ((LOADADDR (.init_array) + SIZEOF (.init_array)), 0x4)
                0x00000504                        __data_load_address = _data_load

.boot_7ffc      0x00007ffc        0x4
 *(.boot_7ffc)
 .boot_7ffc     0x00007ffc        0x4 CMakeFiles/quartz-k552x.dir/mcu/startup.S.obj

.boot_8000      0x00008000        0x4
 *(.boot_8000)
 .boot_8000     0x00008000        0x4 CMakeFiles/quartz-k552x.dir/mcu/startup.S.obj

.isp_flag       0x0000fffc        0x4
 *(.isp_flag)
 .isp_flag      0x0000fffc        0x4 CMakeFiles/quartz-k552x.dir/mcu/startup.S.obj

.rel.dyn        0x00010000        0x0
 .rel.iplt      0x00010000        0x0 CMakeFiles/quartz-k552x.dir/mcu/startup.S.obj

.data           0x20000000        0x4 load address 0x00000504
                0x20000000                        . = ALIGN (0x4)
                0x20000000                        _sdata = .
 *(.data)
 *(.data.*)
                0x20000000        0x1 BYTE 0x0
                0x20000004                        . = ALIGN (0x4)
 *fill*         0x20000001        0x3 
                0x20000004                        _edata = .
                0x00000504                        _sidata = LOADADDR (.data)

.igot.plt       0x20000004        0x0 load address 0x00000508
 .igot.plt      0x20000004        0x0 CMakeFiles/quartz-k552x.dir/mcu/startup.S.obj

.bss            0x20000004        0x4 load address 0x00000508
                0x20000004                        . = ALIGN (0x4)
                0x20000004                        _sbss = .
 *(.bss)
 *(.bss.*)
 .bss.g_SystemTick
                0x20000004        0x4 CMakeFiles/quartz-k552x.dir/src/timer.c.obj
 *(COMMON)
                0x20000008                        . = ALIGN (0x4)
                0x20000008                        _ebss = .

.noinit         0x20000008        0x0
                0x20000008                        . = ALIGN (0x4)
                0x20000008                        _snoinit = .
 *(.noinit)
 *(.noinit.*)
                0x20000008                        _enoinit = .
                0x20000008                        . = ALIGN (0x4)
                0x20000008                        _end = .
                0x20000008                        __end__ = .
                0x20000008                        __heap_start = ALIGN (_end, 0x8)
                0x20002000                        __heap_end = __initial_sp

/DISCARD/
 *(.comment)
 *(.note*)
                0x00000001                        ASSERT (((LOADADDR (.data) + SIZEOF (.data)) <= 0x7ffc), Firmware overlaps the fixed Sonix word at 0x7FFC)
                0x00000001                        ASSERT ((_end <= (ORIGIN (RAM) + LENGTH (RAM))), Firmware exceeds the available 8 KiB SRAM)
OUTPUT(quartz-k552x.elf elf32-littlearm)
LOAD linker stubs

.ARM.attributes
                0x00000000       0x2d
 .ARM.attributes
                0x00000000       0x21 CMakeFiles/quartz-k552x.dir/mcu/startup.S.obj
 .ARM.attributes
                0x00000021       0x2c CMakeFiles/quartz-k552x.dir/src/system_SN32F240B.c.obj
 .ARM.attributes
                0x0000004d       0x2c CMakeFiles/quartz-k552x.dir/src/main.cpp.obj
 .ARM.attributes
                0x00000079       0x2c CMakeFiles/quartz-k552x.dir/src/gpio.c.obj
 .ARM.attributes
                0x000000a5       0x2c CMakeFiles/quartz-k552x.dir/src/usb/usb.c.obj
 .ARM.attributes
                0x000000d1       0x2c CMakeFiles/quartz-k552x.dir/src/timer.c.obj
 .ARM.attributes
                0x000000fd       0x2c CMakeFiles/quartz-k552x.dir/src/system.c.obj
 .ARM.attributes
                0x00000129       0x2c CMakeFiles/quartz-k552x.dir/src/runtime.cpp.obj
